<html>
<body>
<pre>
<h1>µVision Build Log</h1>
<h2>Tool Versions:</h2>
IDE-Version: ¦ÌVision V5.39.0.0
Copyright (C) 2023 ARM Ltd and ARM Germany GmbH. All rights reserved.
License Information: 1 HP, 1, LIC=585FJ-UBV33-NNJAF-6BAL3-0LQ2A-ABCD2
 
Tool Versions:
Toolchain:       MDK-ARM Plus  Version: 5.39.0.0
Toolchain Path:  D:\32\keil_v5\ARM\ARMCLANG\Bin
C Compiler:      ArmClang.exe V6.21
Assembler:       Armasm.exe V6.21
Linker/Locator:  ArmLink.exe V6.21
Library Manager: ArmAr.exe V6.21
Hex Converter:   FromElf.exe V6.21
CPU DLL:         SARMCM3.DLL V5.39.0.0
Dialog DLL:      DCM.DLL V1.17.5.0
Target DLL:      Segger\JL2CM3.dll V2.99.43.0
Dialog DLL:      TCM.DLL V1.56.4.0
 
<h2>Project:</h2>
D:\32_\HERO_CBoard\MDK-ARM\HERO_C_Board.uvprojx
Project File Date:  02/10/2025

<h2>Output:</h2>
*** Using Compiler 'V6.21', folder: 'D:\32\keil_v5\ARM\ARMCLANG\Bin'
Rebuild target 'HERO_C_Board'
compiling rtc.c...
compiling freertos.c...
compiling stm32f4xx_hal_rcc_ex.c...
compiling stm32f4xx_hal_pcd_ex.c...
compiling tim.c...
compiling spi.c...
compiling usb_device.c...
compiling usbd_cdc_if.c...
compiling stm32f4xx_hal_msp.c...
compiling usart.c...
compiling usbd_desc.c...
compiling stm32f4xx_hal_pcd.c...
compiling stm32f4xx_it.c...
compiling usbd_conf.c...
compiling can.c...
compiling gpio.c...
compiling dma.c...
compiling stm32f4xx_ll_usb.c...
compiling main.c...
compiling rng.c...
compiling i2c.c...
compiling stm32f4xx_hal_rcc.c...
compiling stm32f4xx_hal_timebase_tim.c...
compiling stm32f4xx_hal_flash.c...
compiling stm32f4xx_hal_flash_ramfunc.c...
compiling stm32f4xx_hal_flash_ex.c...
compiling stm32f4xx_hal_dma_ex.c...
compiling stm32f4xx_hal_gpio.c...
compiling stm32f4xx_hal_dma.c...
compiling stm32f4xx_hal_pwr_ex.c...
compiling stm32f4xx_hal_pwr.c...
compiling stm32f4xx_hal_cortex.c...
compiling stm32f4xx_hal_exti.c...
compiling stm32f4xx_hal.c...
compiling stm32f4xx_hal_can.c...
compiling stm32f4xx_hal_i2c.c...
assembling startup_stm32f407xx.s...
compiling stm32f4xx_hal_i2c_ex.c...
compiling stm32f4xx_hal_rng.c...
compiling stm32f4xx_hal_rtc.c...
compiling stm32f4xx_hal_rtc_ex.c...
compiling stm32f4xx_hal_spi.c...
compiling croutine.c...
compiling stm32f4xx_hal_tim_ex.c...
compiling system_stm32f4xx.c...
compiling stm32f4xx_hal_tim.c...
compiling stm32f4xx_hal_uart.c...
compiling event_groups.c...
compiling list.c...
compiling queue.c...
compiling stream_buffer.c...
compiling tasks.c...
compiling timers.c...
compiling heap_4.c...
compiling port.c...
compiling cmsis_os2.c...
compiling usbd_core.c...
compiling usbd_ctlreq.c...
compiling usbd_ioreq.c...
compiling usbd_cdc.c...
compiling bsp_can.c...
compiling DMA_double_buffer.c...
compiling bsp_dwt.c...
compiling bsp_gpio.c...
compiling bsp_iic.c...
compiling bsp_spi.c...
compiling bsp_usart.c...
compiling bsp_supervise.c...
compiling Callback_Function.c...
compiling bsp_usb.c...
compiling Chassis_board_cmd.c...
compiling Gimbal_board_cmd.c...
compiling Task_Init.c...
compiling Task_Protect.c...
compiling Task_Vision.c...
compiling user_lib.c...
compiling Robot_Task.c...
compiling BMI088driver.c...
compiling IMU.c...
compiling circular_queue.c...
compiling ins_task.c...
compiling BMI088Middleware.c...
compiling ist8310.c...
compiling can_comm.c...
compiling cvector.c...
compiling remote.c...
compiling WatchDog.c...
compiling pub_sub.c...
compiling motor.c...
compiling adrc.c...
compiling slope.c...
compiling kalman_filter.c...
compiling QuaternionEKF.c...
compiling controller.c...
compiling Matrix.c...
compiling RLS.c...
compiling powercontroller.c...
compiling SuperCAP.c...
compiling Referee.c...
compiling Shoot.c...
compiling Gimbal.c...
compiling RMQueue.c...
compiling RM_Cilent_UI.c...
compiling Chassis.c...
compiling CRC.c...
compiling Referee_unpack.c...
compiling VCOMCOMM.c...
compiling ramp.c...
compiling CANDrive.c...
compiling PID.c...
compiling DMmotor.c...
compiling DJIMotor.c...
compiling motor_def.c...
linking...
Program Size: Code=135568 RO-data=2876 RW-data=2124 ZI-data=116316  
FromELF: creating hex file...
"HERO_C_Board\HERO_C_Board.axf" - 0 Error(s), 0 Warning(s).

<h2>Software Packages used:</h2>

Package Vendor: ARM
                http://www.keil.com/pack/ARM.CMSIS.5.9.0.pack
                ARM::CMSIS@5.9.0
                CMSIS (Common Microcontroller Software Interface Standard)
   * Component: CORE Version: 5.6.0

Package Vendor: Keil
                http://www.keil.com/pack/Keil.STM32F4xx_DFP.2.15.0.pack
                Keil::STM32F4xx_DFP@2.15.0
                STMicroelectronics STM32F4 Series Device Support, Drivers and Examples

<h2>Collection of Component include folders:</h2>
  ./RTE/_HERO_C_Board
  D:/32/keil_v5/ARM/CMSIS/5.9.0/CMSIS/Core/Include
  D:/32/keil_v5/Keil/STM32F4xx_DFP/2.15.0/Drivers/CMSIS/Device/ST/STM32F4xx/Include

<h2>Collection of Component Files used:</h2>

   * Component: ARM::CMSIS:CORE@5.6.0
      Include file:  CMSIS/Core/Include/tz_context.h
Build Time Elapsed:  00:00:37
</pre>
</body>
</html>
